#-----------------------------------------------------------
# Vivado v2018.3 (64-bit)
# SW Build 2405991 on Thu Dec  6 23:38:27 MST 2018
# IP Build 2404404 on Fri Dec  7 01:43:56 MST 2018
# Start of session at: Fri Nov 24 15:40:16 2023
# Process ID: 7552
# Current directory: C:/Users/marco/Desktop/Progetti_Vivado/PWM
# Command line: vivado.exe -gui_launcher_event rodinguilauncherevent14784 C:\Users\marco\Desktop\Progetti_Vivado\PWM\PWM.xpr
# Log file: C:/Users/marco/Desktop/Progetti_Vivado/PWM/vivado.log
# Journal file: C:/Users/marco/Desktop/Progetti_Vivado/PWM\vivado.jou
#-----------------------------------------------------------
start_gui
open_project C:/Users/marco/Desktop/Progetti_Vivado/PWM/PWM.xpr
update_compile_order -fileset sources_1
reset_run synth_1
launch_runs synth_1 -jobs 4
wait_on_run synth_1
launch_simulation
source top_sim.tcl
reset_run synth_1
launch_runs synth_1 -jobs 4
wait_on_run synth_1
close_sim
launch_simulation
source top_sim.tcl
reset_run synth_1
launch_runs synth_1 -jobs 4
wait_on_run synth_1
close_sim
launch_simulation
source top_sim.tcl
close_sim
