#-----------------------------------------------------------
# Vivado v2018.3 (64-bit)
# SW Build 2405991 on Thu Dec  6 23:38:27 MST 2018
# IP Build 2404404 on Fri Dec  7 01:43:56 MST 2018
# Start of session at: Wed Dec 27 18:58:23 2023
# Process ID: 21328
# Current directory: C:/Users/marco/Desktop/Progetti_Vivado/FSM
# Command line: vivado.exe -gui_launcher_event rodinguilauncherevent14800 C:\Users\marco\Desktop\Progetti_Vivado\FSM\FSM.xpr
# Log file: C:/Users/marco/Desktop/Progetti_Vivado/FSM/vivado.log
# Journal file: C:/Users/marco/Desktop/Progetti_Vivado/FSM\vivado.jou
#-----------------------------------------------------------
start_gui
open_project C:/Users/marco/Desktop/Progetti_Vivado/FSM/FSM.xpr
update_compile_order -fileset sources_1
reset_run synth_1
launch_runs synth_1 -jobs 4
wait_on_run synth_1
launch_simulation
launch_simulation
reset_run synth_1
launch_runs synth_1 -jobs 4
wait_on_run synth_1
launch_simulation
reset_run synth_1
launch_runs synth_1 -jobs 4
wait_on_run synth_1
launch_simulation
source top_sim.tcl
reset_run synth_1
launch_runs synth_1 -jobs 4
wait_on_run synth_1
close_sim
launch_simulation
reset_run synth_1
launch_runs synth_1 -jobs 4
wait_on_run synth_1
launch_simulation
source top_sim.tcl
reset_run synth_1
launch_runs synth_1 -jobs 4
wait_on_run synth_1
close_sim
launch_simulation
source top_sim.tcl
close_sim
